// Jest Snapshot v1, https://goo.gl/fbAQLP

exports[`Messages component should render 1`] = `"<div class=\\"alert alert-info fade\\" role=\\"alert\\">Loading...</div>"`;
